// Jest Snapshot v1, https://goo.gl/fbAQLP

exports[`ContentComponent renders correctly 1`] = `
<div
  className="sc-jSFkmK WjmPB"
>
  <div
    dangerouslySetInnerHTML={
      Object {
        "__html": "<h2><span>Hey there</span></h2> <p>Lorem ipsum dolor sit amet, consectetur adipiscing elit, sed do eiusmod tempor incididunt ut labore et dolore magna aliqua. Ut enim ad minim veniam, quis nostrud exercitation ullamco laboris nisi ut aliquip ex ea commodo consequat. Duis aute irure dolor in reprehenderit in voluptate velit esse cillum dolore eu fugiat nulla pariatur. Excepteur sint occaecat cupidatat non proident, sunt in culpa qui officia deserunt mollit anim id est laborum.</p> ",
      }
    }
  />
  <div>
    <p
      className="sc-gtssRu iBDuNi"
    >
      John Doe
    </p>
    <p
      className="sc-gtssRu kZfLwQ"
    >
      Sun, 06 Sep 2020 22:00:00 GMT
    </p>
  </div>
</div>
`;
