// Jest Snapshot v1, https://goo.gl/fbAQLP

exports[`AuthorComponent renders correctly 1`] = `
<p
  className="sc-gtssRu iBDuNi"
>
  John Doe
</p>
`;
